    20000000 led: 1
    30000000 led: 0
    40000000 led: 1
    60000000 led: 1
    80000000 led: 0
    90000000 led: 1
   100000000 led: 0
   120000000 led: 0
   140000000 led: 1
   150000000 led: 0
   160000000 led: 1
   180000000 led: 1
   200000000 led: 0
   210000000 led: 1
   220000000 led: 0
   240000000 led: 0
   260000000 led: 1
   270000000 led: 0
   280000000 led: 1
   300000000 led: 1
   320000000 led: 0
   330000000 led: 1
   340000000 led: 0
   360000000 led: 0
   380000000 led: 1
   390000000 led: 0
   400000000 led: 1
   420000000 led: 1
   440000000 led: 0
   450000000 led: 1
   460000000 led: 0
   480000000 led: 0
   500000000 led: 1
